// Jest Snapshot v1, https://goo.gl/fbAQLP

exports[`WebViewScreen should render 1`] = `
<View
  collapsable={false}
  pointerEvents="box-none"
  style={
    Object {
      "flex": 1,
    }
  }
>
  <RNCSafeAreaProvider
    onInsetsChange={[Function]}
    style={
      Array [
        Object {
          "flex": 1,
        },
        undefined,
      ]
    }
  >
    <View
      style={
        Object {
          "flex": 1,
          "overflow": "hidden",
        }
      }
    >
      <View
        style={
          Object {
            "flex": 1,
          }
        }
      >
        <View
          collapsable={false}
          enabled={true}
          pointerEvents="auto"
          removeClippedSubviews={false}
          style={
            Array [
              Object {
                "flex": 1,
                "overflow": "hidden",
              },
              null,
              Object {
                "bottom": 0,
                "left": 0,
                "position": "absolute",
                "right": 0,
                "top": 0,
              },
            ]
          }
        >
          <View
            style={
              Object {
                "flex": 1,
              }
            }
          >
            <View
              accessibilityElementsHidden={false}
              importantForAccessibility="auto"
              style={
                Array [
                  Object {
                    "flex": 1,
                  },
                  Object {
                    "backgroundColor": "rgb(242, 242, 242)",
                  },
                  undefined,
                ]
              }
            >
              <View
                style={
                  Array [
                    Object {
                      "flexBasis": 0,
                      "flexGrow": 1,
                      "flexShrink": 1,
                    },
                  ]
                }
              >
                <View
                  style={
                    Array [
                      Object {
                        "flexBasis": 0,
                        "flexGrow": 1,
                        "flexShrink": 1,
                      },
                    ]
                  }
                >
                  <View
                    style={
                      Array [
                        Object {
                          "flex": 1,
                          "overflow": "hidden",
                        },
                        undefined,
                      ]
                    }
                  >
                    <RNCWebView
                      allowFileAccess={true}
                      allowUniversalAccessFromFileURLs={true}
                      cacheEnabled={true}
                      geolocationEnabled={true}
                      injectedJavaScriptBeforeContentLoadedForMainFrameOnly={true}
                      injectedJavaScriptForMainFrameOnly={true}
                      javaScriptEnabled={true}
                      messagingEnabled={false}
                      onContentProcessDidTerminate={[Function]}
                      onError={[Function]}
                      onHttpError={[Function]}
                      onLoadingError={[Function]}
                      onLoadingFinish={[Function]}
                      onLoadingProgress={[Function]}
                      onLoadingStart={[Function]}
                      onMessage={[Function]}
                      onNavigationStateChange={[Function]}
                      onShouldStartLoadWithRequest={[Function]}
                      source={
                        Object {
                          "uri": "https://google.com",
                        }
                      }
                      startInLoadingState={true}
                      style={
                        Array [
                          Object {
                            "flex": 1,
                            "overflow": "hidden",
                          },
                          Object {
                            "backgroundColor": "#ffffff",
                          },
                          Array [
                            Object {
                              "flex": 1,
                            },
                            undefined,
                          ],
                        ]
                      }
                      useSharedProcessPool={true}
                    />
                    <View
                      style={
                        Array [
                          Object {
                            "alignItems": "center",
                            "backgroundColor": "#e9e9e9",
                            "bottom": 0,
                            "justifyContent": "center",
                            "left": 0,
                            "position": "absolute",
                            "right": 0,
                            "top": 0,
                            "zIndex": 1,
                          },
                        ]
                      }
                      theme={
                        Object {
                          "animation": Object {
                            "scale": 1,
                          },
                          "colors": Object {
                            "accent": "#F2680E",
                            "backdrop": "rgba(0, 0, 0, 0.5)",
                            "background": "#e9e9e9",
                            "deficient": "#FF3333",
                            "disabled": "rgba(0, 0, 0, 0.26)",
                            "error": "#FF2D55",
                            "gps": "#007AFE",
                            "notification": "#FF9400",
                            "onBackground": "#000000",
                            "onSurface": "#FF9400",
                            "placeholder": "rgba(0, 0, 0, 0.54)",
                            "primary": "#FF9400",
                            "success": "#34C759",
                            "surface": "#FFFFFF",
                            "text": "#000000",
                          },
                          "dark": false,
                          "fonts": Object {
                            "light": Object {
                              "fontFamily": "System",
                              "fontWeight": "300",
                            },
                            "medium": Object {
                              "fontFamily": "System",
                              "fontWeight": "500",
                            },
                            "regular": Object {
                              "fontFamily": "System",
                              "fontWeight": "400",
                            },
                            "thin": Object {
                              "fontFamily": "System",
                              "fontWeight": "100",
                            },
                          },
                          "roundness": 4,
                        }
                      }
                    >
                      <View
                        style={
                          Array [
                            Object {
                              "alignItems": "center",
                              "justifyContent": "center",
                            },
                            undefined,
                          ]
                        }
                      >
                        <View
                          collapsable={false}
                          style={
                            Object {
                              "height": 48,
                              "opacity": 1,
                              "width": 48,
                            }
                          }
                        >
                          <View
                            style={
                              Object {
                                "alignItems": "center",
                                "bottom": 0,
                                "justifyContent": "center",
                                "left": 0,
                                "position": "absolute",
                                "right": 0,
                                "top": 0,
                              }
                            }
                          >
                            <View
                              style={
                                Object {
                                  "height": 48,
                                  "transform": Array [
                                    Object {
                                      "rotate": "45deg",
                                    },
                                  ],
                                  "width": 48,
                                }
                              }
                            >
                              <View
                                collapsable={false}
                                style={
                                  Object {
                                    "height": 24,
                                    "overflow": "hidden",
                                    "width": 48,
                                  }
                                }
                              >
                                <View
                                  style={
                                    Object {
                                      "height": 48,
                                      "transform": Array [
                                        Object {
                                          "translateY": 0,
                                        },
                                        Object {
                                          "rotate": "-165deg",
                                        },
                                      ],
                                      "width": 48,
                                    }
                                  }
                                >
                                  <View
                                    collapsable={false}
                                    style={
                                      Object {
                                        "height": 24,
                                        "overflow": "hidden",
                                        "width": 48,
                                      }
                                    }
                                  >
                                    <View
                                      style={
                                        Object {
                                          "borderColor": "#FF9400",
                                          "borderRadius": 24,
                                          "borderWidth": 4.8,
                                          "height": 48,
                                          "width": 48,
                                        }
                                      }
                                    />
                                  </View>
                                </View>
                              </View>
                            </View>
                          </View>
                          <View
                            style={
                              Object {
                                "alignItems": "center",
                                "bottom": 0,
                                "justifyContent": "center",
                                "left": 0,
                                "position": "absolute",
                                "right": 0,
                                "top": 0,
                              }
                            }
                          >
                            <View
                              style={
                                Object {
                                  "height": 48,
                                  "transform": Array [
                                    Object {
                                      "rotate": "45deg",
                                    },
                                  ],
                                  "width": 48,
                                }
                              }
                            >
                              <View
                                collapsable={false}
                                style={
                                  Object {
                                    "height": 24,
                                    "overflow": "hidden",
                                    "top": 24,
                                    "width": 48,
                                  }
                                }
                              >
                                <View
                                  style={
                                    Object {
                                      "height": 48,
                                      "transform": Array [
                                        Object {
                                          "translateY": -24,
                                        },
                                        Object {
                                          "rotate": "345deg",
                                        },
                                      ],
                                      "width": 48,
                                    }
                                  }
                                >
                                  <View
                                    collapsable={false}
                                    style={
                                      Object {
                                        "height": 24,
                                        "overflow": "hidden",
                                        "width": 48,
                                      }
                                    }
                                  >
                                    <View
                                      style={
                                        Object {
                                          "borderColor": "#FF9400",
                                          "borderRadius": 24,
                                          "borderWidth": 4.8,
                                          "height": 48,
                                          "width": 48,
                                        }
                                      }
                                    />
                                  </View>
                                </View>
                              </View>
                            </View>
                          </View>
                        </View>
                      </View>
                    </View>
                  </View>
                </View>
              </View>
            </View>
          </View>
        </View>
      </View>
      <View
        pointerEvents="auto"
        style={
          Object {
            "backgroundColor": "rgb(255, 255, 255)",
            "borderTopColor": "rgb(216, 216, 216)",
            "borderTopWidth": 0.5,
            "bottom": 0,
            "elevation": 8,
            "height": 49,
            "left": 0,
            "paddingBottom": 0,
            "paddingHorizontal": 0,
            "position": null,
            "right": 0,
            "transform": Array [
              Object {
                "translateY": 0,
              },
            ],
          }
        }
      >
        <View
          onLayout={[Function]}
          style={
            Object {
              "flex": 1,
              "flexDirection": "row",
            }
          }
        >
          <View
            accessibilityLabel="ComponentToTest, tab, 1 of 1"
            accessibilityRole="button"
            accessibilityState={
              Object {
                "selected": true,
              }
            }
            accessible={true}
            focusable={true}
            onClick={[Function]}
            onResponderGrant={[Function]}
            onResponderMove={[Function]}
            onResponderRelease={[Function]}
            onResponderTerminate={[Function]}
            onResponderTerminationRequest={[Function]}
            onStartShouldSetResponder={[Function]}
            style={
              Array [
                Object {
                  "alignItems": "center",
                  "flex": 1,
                },
                Object {
                  "backgroundColor": "transparent",
                },
                Object {
                  "flexDirection": "column",
                  "justifyContent": "flex-end",
                },
                undefined,
              ]
            }
          >
            <Text
              numberOfLines={1}
              style={
                Array [
                  Object {
                    "backgroundColor": "transparent",
                    "textAlign": "center",
                  },
                  Object {
                    "color": "rgb(0, 122, 255)",
                  },
                  Object {
                    "fontSize": 10,
                  },
                  undefined,
                ]
              }
            >
              ComponentToTest
            </Text>
          </View>
        </View>
      </View>
    </View>
  </RNCSafeAreaProvider>
</View>
`;
