// Jest Snapshot v1, https://goo.gl/fbAQLP

exports[`LoginScreen should render 1`] = `
Array [
  <View
    collapsable={false}
    pointerEvents="box-none"
    style={
      Object {
        "flex": 1,
      }
    }
  >
    <RNCSafeAreaProvider
      onInsetsChange={[Function]}
      style={
        Array [
          Object {
            "flex": 1,
          },
          undefined,
        ]
      }
    >
      <View
        style={
          Object {
            "flex": 1,
            "overflow": "hidden",
          }
        }
      >
        <View
          style={
            Object {
              "flex": 1,
            }
          }
        >
          <View
            collapsable={false}
            pointerEvents="auto"
            removeClippedSubviews={false}
            style={
              Array [
                Object {
                  "flex": 1,
                  "overflow": "hidden",
                },
                null,
                Object {
                  "bottom": 0,
                  "left": 0,
                  "position": "absolute",
                  "right": 0,
                  "top": 0,
                },
              ]
            }
          >
            <View
              style={
                Object {
                  "flex": 1,
                }
              }
            >
              <View
                accessibilityElementsHidden={false}
                importantForAccessibility="auto"
                style={
                  Array [
                    Object {
                      "flex": 1,
                    },
                    Object {
                      "backgroundColor": "rgb(242, 242, 242)",
                    },
                  ]
                }
              >
                <RCTScrollView
                  automaticallyAdjustContentInsets={false}
                  contentInset={
                    Object {
                      "bottom": 0,
                    }
                  }
                  enableAutomaticScroll={true}
                  enableOnAndroid={true}
                  enableResetScrollToCoords={true}
                  extraHeight={75}
                  extraScrollHeight={30}
                  getScrollResponder={[Function]}
                  handleOnScroll={[Function]}
                  keyboardDismissMode="interactive"
                  keyboardOpeningTime={250}
                  keyboardShouldPersistTaps="handled"
                  keyboardSpace={0}
                  onScroll={[Function]}
                  resetKeyboardSpace={[Function]}
                  scrollEventThrottle={1}
                  scrollForExtraHeightOnAndroid={[Function]}
                  scrollIntoView={[Function]}
                  scrollToEnd={[Function]}
                  scrollToFocusedInput={[Function]}
                  scrollToPosition={[Function]}
                  showsVerticalScrollIndicator={true}
                  style={
                    Array [
                      Object {
                        "flex": 1,
                        "width": "100%",
                      },
                      undefined,
                    ]
                  }
                  update={[Function]}
                  viewIsInsideTabBar={false}
                >
                  <View>
                    <View
                      style={
                        Array [
                          Object {
                            "paddingBottom": 50,
                            "paddingLeft": 50,
                            "paddingRight": 50,
                            "paddingTop": 100,
                          },
                        ]
                      }
                    >
                      <View
                        style={
                          Array [
                            Object {
                              "backgroundColor": "rgb(240, 240, 240)",
                              "borderTopLeftRadius": 4,
                              "borderTopRightRadius": 4,
                            },
                            Object {
                              "marginBottom": 10,
                              "textAlign": "right",
                            },
                          ]
                        }
                      >
                        <View
                          style={
                            Object {
                              "backgroundColor": "rgba(0, 0, 0, 0.26)",
                              "bottom": 0,
                              "height": 2,
                              "left": 0,
                              "position": "absolute",
                              "right": 0,
                              "transform": Array [
                                Object {
                                  "scaleY": 0.5,
                                },
                              ],
                            }
                          }
                        />
                        <View
                          style={
                            Object {
                              "minHeight": 52,
                              "paddingBottom": 0,
                              "paddingTop": 0,
                            }
                          }
                        >
                          <View
                            pointerEvents="none"
                            style={
                              Object {
                                "bottom": 0,
                                "left": 0,
                                "opacity": 0,
                                "position": "absolute",
                                "right": 0,
                                "top": 0,
                                "transform": Array [
                                  Object {
                                    "translateX": 3,
                                  },
                                ],
                              }
                            }
                          >
                            <Text
                              numberOfLines={1}
                              onLayout={[Function]}
                              style={
                                Object {
                                  "color": "#FF951F",
                                  "fontFamily": "System",
                                  "fontSize": 16,
                                  "fontWeight": undefined,
                                  "left": 0,
                                  "opacity": 0,
                                  "paddingLeft": 12,
                                  "paddingRight": 44,
                                  "position": "absolute",
                                  "textAlign": "left",
                                  "top": 28,
                                  "transform": Array [
                                    Object {
                                      "translateX": 0,
                                    },
                                    Object {
                                      "translateY": -10,
                                    },
                                    Object {
                                      "scale": 0.75,
                                    },
                                  ],
                                  "writingDirection": "ltr",
                                }
                              }
                            >
                              Account Name
                            </Text>
                            <Text
                              numberOfLines={1}
                              style={
                                Object {
                                  "color": "rgba(0, 0, 0, 0.54)",
                                  "fontFamily": "System",
                                  "fontSize": 16,
                                  "fontWeight": undefined,
                                  "left": 0,
                                  "opacity": 0,
                                  "paddingLeft": 12,
                                  "paddingRight": 44,
                                  "position": "absolute",
                                  "textAlign": "left",
                                  "top": 28,
                                  "transform": Array [
                                    Object {
                                      "translateX": 0,
                                    },
                                    Object {
                                      "translateY": -10,
                                    },
                                    Object {
                                      "scale": 0.75,
                                    },
                                  ],
                                  "writingDirection": "ltr",
                                }
                              }
                            >
                              Account Name
                            </Text>
                          </View>
                          <TextInput
                            allowFontScaling={true}
                            autoCapitalize="none"
                            editable={true}
                            keyboardType="default"
                            multiline={false}
                            onBlur={[Function]}
                            onChangeText={[Function]}
                            onFocus={[Function]}
                            placeholder=""
                            placeholderTextColor="rgba(0, 0, 0, 0.54)"
                            rejectResponderTermination={true}
                            selectionColor="#FF951F"
                            style={
                              Array [
                                Object {
                                  "flexGrow": 1,
                                  "margin": 0,
                                  "textAlign": "left",
                                  "zIndex": 1,
                                },
                                Object {
                                  "paddingLeft": 12,
                                  "paddingRight": 44,
                                },
                                Object {
                                  "height": 52,
                                },
                                Object {
                                  "paddingBottom": 2,
                                  "paddingTop": 22,
                                },
                                Object {
                                  "color": "#000000",
                                  "fontFamily": "System",
                                  "fontSize": 16,
                                  "fontWeight": undefined,
                                  "textAlignVertical": "center",
                                },
                                Object {
                                  "marginRight": 0,
                                  "paddingRight": 36,
                                },
                              ]
                            }
                            textAlign="right"
                            underlineColorAndroid="transparent"
                            value="mobiletest"
                          />
                        </View>
                        <View
                          onLayout={[Function]}
                          style={
                            Object {
                              "alignItems": "center",
                              "justifyContent": "center",
                              "opacity": 1,
                              "position": "absolute",
                              "right": 12,
                              "top": null,
                            }
                          }
                        >
                          <Text
                            style={
                              Array [
                                Object {
                                  "color": "rgba(0, 0, 0, 0.54)",
                                },
                                Object {
                                  "fontFamily": "System",
                                  "fontSize": 16,
                                  "fontWeight": undefined,
                                },
                              ]
                            }
                          >
                            .orangeqc-staging.com
                          </Text>
                        </View>
                      </View>
                      <View
                        style={
                          Array [
                            Object {
                              "backgroundColor": "rgb(240, 240, 240)",
                              "borderTopLeftRadius": 4,
                              "borderTopRightRadius": 4,
                            },
                            Object {
                              "marginBottom": 10,
                            },
                          ]
                        }
                      >
                        <View
                          style={
                            Object {
                              "backgroundColor": "rgba(0, 0, 0, 0.26)",
                              "bottom": 0,
                              "height": 2,
                              "left": 0,
                              "position": "absolute",
                              "right": 0,
                              "transform": Array [
                                Object {
                                  "scaleY": 0.5,
                                },
                              ],
                            }
                          }
                        />
                        <View
                          style={
                            Object {
                              "minHeight": 52,
                              "paddingBottom": 0,
                              "paddingTop": 0,
                            }
                          }
                        >
                          <View
                            pointerEvents="none"
                            style={
                              Object {
                                "bottom": 0,
                                "left": 0,
                                "opacity": 0,
                                "position": "absolute",
                                "right": 0,
                                "top": 0,
                                "transform": Array [
                                  Object {
                                    "translateX": 3,
                                  },
                                ],
                              }
                            }
                          >
                            <Text
                              numberOfLines={1}
                              onLayout={[Function]}
                              style={
                                Object {
                                  "color": "#FF951F",
                                  "fontFamily": "System",
                                  "fontSize": 16,
                                  "fontWeight": undefined,
                                  "left": 0,
                                  "opacity": 0,
                                  "paddingLeft": 12,
                                  "paddingRight": 12,
                                  "position": "absolute",
                                  "textAlign": "left",
                                  "top": 28,
                                  "transform": Array [
                                    Object {
                                      "translateX": 0,
                                    },
                                    Object {
                                      "translateY": -10,
                                    },
                                    Object {
                                      "scale": 0.75,
                                    },
                                  ],
                                  "writingDirection": "ltr",
                                }
                              }
                            >
                              Email or Username
                            </Text>
                            <Text
                              numberOfLines={1}
                              style={
                                Object {
                                  "color": "rgba(0, 0, 0, 0.54)",
                                  "fontFamily": "System",
                                  "fontSize": 16,
                                  "fontWeight": undefined,
                                  "left": 0,
                                  "opacity": 0,
                                  "paddingLeft": 12,
                                  "paddingRight": 12,
                                  "position": "absolute",
                                  "textAlign": "left",
                                  "top": 28,
                                  "transform": Array [
                                    Object {
                                      "translateX": 0,
                                    },
                                    Object {
                                      "translateY": -10,
                                    },
                                    Object {
                                      "scale": 0.75,
                                    },
                                  ],
                                  "writingDirection": "ltr",
                                }
                              }
                            >
                              Email or Username
                            </Text>
                          </View>
                          <TextInput
                            allowFontScaling={true}
                            autoCapitalize="none"
                            editable={true}
                            keyboardType="default"
                            multiline={false}
                            onBlur={[Function]}
                            onChangeText={[Function]}
                            onFocus={[Function]}
                            placeholder=""
                            placeholderTextColor="rgba(0, 0, 0, 0.54)"
                            rejectResponderTermination={true}
                            selectionColor="#FF951F"
                            style={
                              Array [
                                Object {
                                  "flexGrow": 1,
                                  "margin": 0,
                                  "textAlign": "left",
                                  "zIndex": 1,
                                },
                                Object {
                                  "paddingLeft": 12,
                                  "paddingRight": 12,
                                },
                                Object {
                                  "height": 52,
                                },
                                Object {
                                  "paddingBottom": 2,
                                  "paddingTop": 22,
                                },
                                Object {
                                  "color": "#000000",
                                  "fontFamily": "System",
                                  "fontSize": 16,
                                  "fontWeight": undefined,
                                  "textAlignVertical": "center",
                                },
                                Array [
                                  Object {},
                                ],
                              ]
                            }
                            underlineColorAndroid="transparent"
                            value="diego"
                          />
                        </View>
                      </View>
                      <View
                        style={
                          Array [
                            Object {
                              "backgroundColor": "rgb(240, 240, 240)",
                              "borderTopLeftRadius": 4,
                              "borderTopRightRadius": 4,
                            },
                            Object {
                              "marginBottom": 10,
                            },
                          ]
                        }
                      >
                        <View
                          style={
                            Object {
                              "backgroundColor": "rgba(0, 0, 0, 0.26)",
                              "bottom": 0,
                              "height": 2,
                              "left": 0,
                              "position": "absolute",
                              "right": 0,
                              "transform": Array [
                                Object {
                                  "scaleY": 0.5,
                                },
                              ],
                            }
                          }
                        />
                        <View
                          style={
                            Object {
                              "minHeight": 52,
                              "paddingBottom": 0,
                              "paddingTop": 0,
                            }
                          }
                        >
                          <View
                            pointerEvents="none"
                            style={
                              Object {
                                "bottom": 0,
                                "left": 0,
                                "opacity": 0,
                                "position": "absolute",
                                "right": 0,
                                "top": 0,
                                "transform": Array [
                                  Object {
                                    "translateX": 3,
                                  },
                                ],
                              }
                            }
                          >
                            <Text
                              numberOfLines={1}
                              onLayout={[Function]}
                              style={
                                Object {
                                  "color": "#FF951F",
                                  "fontFamily": "System",
                                  "fontSize": 16,
                                  "fontWeight": undefined,
                                  "left": 0,
                                  "opacity": 0,
                                  "paddingLeft": 12,
                                  "paddingRight": 12,
                                  "position": "absolute",
                                  "textAlign": "left",
                                  "top": 28,
                                  "transform": Array [
                                    Object {
                                      "translateX": 0,
                                    },
                                    Object {
                                      "translateY": -10,
                                    },
                                    Object {
                                      "scale": 0.75,
                                    },
                                  ],
                                  "writingDirection": "ltr",
                                }
                              }
                            >
                              Password
                            </Text>
                            <Text
                              numberOfLines={1}
                              style={
                                Object {
                                  "color": "rgba(0, 0, 0, 0.54)",
                                  "fontFamily": "System",
                                  "fontSize": 16,
                                  "fontWeight": undefined,
                                  "left": 0,
                                  "opacity": 0,
                                  "paddingLeft": 12,
                                  "paddingRight": 12,
                                  "position": "absolute",
                                  "textAlign": "left",
                                  "top": 28,
                                  "transform": Array [
                                    Object {
                                      "translateX": 0,
                                    },
                                    Object {
                                      "translateY": -10,
                                    },
                                    Object {
                                      "scale": 0.75,
                                    },
                                  ],
                                  "writingDirection": "ltr",
                                }
                              }
                            >
                              Password
                            </Text>
                          </View>
                          <TextInput
                            allowFontScaling={true}
                            autoCapitalize="none"
                            autoCorrect={false}
                            editable={true}
                            keyboardType="default"
                            multiline={false}
                            onBlur={[Function]}
                            onChangeText={[Function]}
                            onFocus={[Function]}
                            onSubmitEditing={[Function]}
                            placeholder=""
                            placeholderTextColor="rgba(0, 0, 0, 0.54)"
                            rejectResponderTermination={true}
                            secureTextEntry={true}
                            selectionColor="#FF951F"
                            style={
                              Array [
                                Object {
                                  "flexGrow": 1,
                                  "margin": 0,
                                  "textAlign": "left",
                                  "zIndex": 1,
                                },
                                Object {
                                  "paddingLeft": 12,
                                  "paddingRight": 12,
                                },
                                Object {
                                  "height": 52,
                                },
                                Object {
                                  "paddingBottom": 2,
                                  "paddingTop": 22,
                                },
                                Object {
                                  "color": "#000000",
                                  "fontFamily": "System",
                                  "fontSize": 16,
                                  "fontWeight": undefined,
                                  "textAlignVertical": "center",
                                },
                                Array [
                                  Object {},
                                ],
                              ]
                            }
                            underlineColorAndroid="transparent"
                            value="foxbox2020"
                          />
                        </View>
                      </View>
                      <View
                        style={
                          Object {
                            "alignSelf": "flex-end",
                            "backgroundColor": "#FF951F",
                            "borderColor": "transparent",
                            "borderRadius": 4,
                            "borderStyle": "solid",
                            "borderWidth": 0,
                            "elevation": 2,
                            "marginTop": 10,
                            "minWidth": 64,
                            "shadowColor": "#000000",
                            "shadowOffset": Object {
                              "height": 0.75,
                              "width": 0,
                            },
                            "shadowOpacity": 0.24,
                            "shadowRadius": 1.5,
                            "width": 120,
                          }
                        }
                      >
                        <View
                          accessibilityRole="button"
                          accessibilityState={
                            Object {
                              "disabled": false,
                            }
                          }
                          accessible={true}
                          focusable={true}
                          onClick={[Function]}
                          onResponderGrant={[Function]}
                          onResponderMove={[Function]}
                          onResponderRelease={[Function]}
                          onResponderTerminate={[Function]}
                          onResponderTerminationRequest={[Function]}
                          onStartShouldSetResponder={[Function]}
                          style={
                            Array [
                              Object {
                                "overflow": "hidden",
                              },
                              Object {
                                "borderRadius": 4,
                              },
                            ]
                          }
                        >
                          <View
                            style={
                              Array [
                                Object {
                                  "alignItems": "center",
                                  "flexDirection": "row",
                                  "justifyContent": "center",
                                },
                                undefined,
                              ]
                            }
                          >
                            <Text
                              numberOfLines={1}
                              style={
                                Array [
                                  Object {
                                    "color": "#000000",
                                    "fontFamily": "System",
                                    "fontWeight": "400",
                                    "textAlign": "left",
                                  },
                                  Array [
                                    Object {
                                      "letterSpacing": 1,
                                      "marginHorizontal": 16,
                                      "marginVertical": 9,
                                      "textAlign": "center",
                                    },
                                    undefined,
                                    Object {
                                      "textTransform": "uppercase",
                                    },
                                    Object {
                                      "color": "#ffffff",
                                      "fontFamily": "System",
                                      "fontWeight": "500",
                                    },
                                    Object {
                                      "fontFamily": "System",
                                      "fontWeight": "500",
                                    },
                                    undefined,
                                  ],
                                ]
                              }
                            >
                              Sign in
                            </Text>
                          </View>
                        </View>
                      </View>
                    </View>
                  </View>
                </RCTScrollView>
              </View>
            </View>
          </View>
        </View>
        <View
          pointerEvents="auto"
          style={
            Object {
              "backgroundColor": "rgb(255, 255, 255)",
              "borderTopColor": "rgb(216, 216, 216)",
              "borderTopWidth": 0.5,
              "bottom": 0,
              "elevation": 8,
              "height": 49,
              "left": 0,
              "paddingBottom": 0,
              "paddingHorizontal": 0,
              "position": null,
              "right": 0,
              "transform": Array [
                Object {
                  "translateY": 0,
                },
              ],
            }
          }
        >
          <View
            onLayout={[Function]}
            style={
              Object {
                "flex": 1,
                "flexDirection": "row",
              }
            }
          >
            <View
              accessibilityLabel="ComponentToTest, tab, 1 of 1"
              accessibilityRole="button"
              accessibilityState={
                Object {
                  "selected": true,
                }
              }
              accessible={true}
              focusable={true}
              onClick={[Function]}
              onResponderGrant={[Function]}
              onResponderMove={[Function]}
              onResponderRelease={[Function]}
              onResponderTerminate={[Function]}
              onResponderTerminationRequest={[Function]}
              onStartShouldSetResponder={[Function]}
              style={
                Array [
                  Object {
                    "alignItems": "center",
                    "flex": 1,
                  },
                  Object {
                    "backgroundColor": "transparent",
                  },
                  Object {
                    "flexDirection": "column",
                    "justifyContent": "flex-end",
                  },
                  undefined,
                ]
              }
            >
              <Text
                numberOfLines={1}
                style={
                  Array [
                    Object {
                      "backgroundColor": "transparent",
                      "textAlign": "center",
                    },
                    Object {
                      "color": "rgb(0, 122, 255)",
                    },
                    Object {
                      "fontSize": 10,
                    },
                    undefined,
                  ]
                }
              >
                ComponentToTest
              </Text>
            </View>
          </View>
        </View>
      </View>
    </RNCSafeAreaProvider>
  </View>,
  <View
    collapsable={false}
    pointerEvents="box-none"
    style={
      Object {
        "bottom": 0,
        "left": 0,
        "position": "absolute",
        "right": 0,
        "top": 0,
      }
    }
  />,
]
`;
