// Jest Snapshot v1, https://goo.gl/fbAQLP

exports[`ConnectionBanner should render 1`] = `
<View
  style={
    Array [
      Object {
        "alignItems": "center",
        "backgroundColor": "#03dac4",
        "flexDirection": "row",
        "justifyContent": "center",
      },
    ]
  }
  theme={
    Object {
      "animation": Object {
        "scale": 1,
      },
      "colors": Object {
        "accent": "#03dac4",
        "backdrop": "rgba(0, 0, 0, 0.5)",
        "background": "#f6f6f6",
        "disabled": "rgba(0, 0, 0, 0.26)",
        "error": "#B00020",
        "notification": "#f50057",
        "onBackground": "#000000",
        "onSurface": "#000000",
        "placeholder": "rgba(0, 0, 0, 0.54)",
        "primary": "#6200ee",
        "surface": "#ffffff",
        "text": "#000000",
      },
      "dark": false,
      "fonts": Object {
        "light": Object {
          "fontFamily": "System",
          "fontWeight": "300",
        },
        "medium": Object {
          "fontFamily": "System",
          "fontWeight": "500",
        },
        "regular": Object {
          "fontFamily": "System",
          "fontWeight": "400",
        },
        "thin": Object {
          "fontFamily": "System",
          "fontWeight": "100",
        },
      },
      "roundness": 4,
    }
  }
>
  <Text
    allowFontScaling={false}
    style={
      Array [
        Object {
          "color": "#f6f6f6",
          "fontSize": 26,
        },
        undefined,
        Object {
          "fontFamily": "Material Icons",
          "fontStyle": "normal",
          "fontWeight": "normal",
        },
        Object {},
      ]
    }
  >
    î‡š
  </Text>
  <Text
    style={
      Array [
        Object {
          "color": "#000000",
          "fontFamily": "System",
          "fontWeight": "400",
          "textAlign": "left",
        },
        Array [
          Object {
            "color": "#f6f6f6",
            "paddingBottom": 10,
            "paddingLeft": 10,
            "paddingRight": 10,
            "paddingTop": 10,
            "textAlign": "center",
          },
        ],
      ]
    }
  >
    No internet connection
  </Text>
</View>
`;
