// Jest Snapshot v1, https://goo.gl/fbAQLP

exports[`BottomTabIcon should render 1`] = `
<View
  style={
    Array [
      Object {
        "flexBasis": 0,
        "flexGrow": 1,
        "flexShrink": 1,
      },
    ]
  }
>
  <View
    style={
      Array [
        Object {
          "flexBasis": 0,
          "flexGrow": 1,
          "flexShrink": 1,
          "justifyContent": "center",
          "marginLeft": 12,
        },
      ]
    }
  >
    <Text
      allowFontScaling={false}
      style={
        Array [
          Object {
            "color": undefined,
            "fontSize": 28,
          },
          undefined,
          Object {
            "fontFamily": "Material Icons",
            "fontStyle": "normal",
            "fontWeight": "normal",
          },
          Object {},
        ]
      }
    >
      î€‚
    </Text>
  </View>
  <Text
    style={
      Array [
        Object {
          "color": "#000000",
          "fontFamily": "System",
          "fontWeight": "400",
          "textAlign": "left",
        },
        undefined,
      ]
    }
  >
    warning
  </Text>
</View>
`;
