// Jest Snapshot v1, https://goo.gl/fbAQLP

exports[`LoadingOverlay should render 1`] = `
<View
  style={
    Array [
      Object {
        "alignItems": "center",
        "backgroundColor": "#f6f6f6",
        "bottom": 0,
        "flexBasis": 0,
        "flexGrow": 1,
        "flexShrink": 1,
        "justifyContent": "center",
        "left": 0,
        "position": "absolute",
        "right": 0,
        "top": 0,
        "zIndex": 9999,
      },
    ]
  }
  theme={
    Object {
      "animation": Object {
        "scale": 1,
      },
      "colors": Object {
        "accent": "#03dac4",
        "backdrop": "rgba(0, 0, 0, 0.5)",
        "background": "#f6f6f6",
        "disabled": "rgba(0, 0, 0, 0.26)",
        "error": "#B00020",
        "notification": "#f50057",
        "onBackground": "#000000",
        "onSurface": "#000000",
        "placeholder": "rgba(0, 0, 0, 0.54)",
        "primary": "#6200ee",
        "surface": "#ffffff",
        "text": "#000000",
      },
      "dark": false,
      "fonts": Object {
        "light": Object {
          "fontFamily": "System",
          "fontWeight": "300",
        },
        "medium": Object {
          "fontFamily": "System",
          "fontWeight": "500",
        },
        "regular": Object {
          "fontFamily": "System",
          "fontWeight": "400",
        },
        "thin": Object {
          "fontFamily": "System",
          "fontWeight": "100",
        },
      },
      "roundness": 4,
    }
  }
>
  <View
    style={
      Array [
        Object {
          "alignItems": "center",
          "justifyContent": "center",
        },
        undefined,
      ]
    }
  >
    <View
      collapsable={false}
      style={
        Object {
          "height": 48,
          "opacity": 1,
          "width": 48,
        }
      }
    >
      <View
        style={
          Object {
            "alignItems": "center",
            "bottom": 0,
            "justifyContent": "center",
            "left": 0,
            "position": "absolute",
            "right": 0,
            "top": 0,
          }
        }
      >
        <View
          style={
            Object {
              "height": 48,
              "transform": Array [
                Object {
                  "rotate": "45deg",
                },
              ],
              "width": 48,
            }
          }
        >
          <View
            collapsable={false}
            style={
              Object {
                "height": 24,
                "overflow": "hidden",
                "width": 48,
              }
            }
          >
            <View
              style={
                Object {
                  "height": 48,
                  "transform": Array [
                    Object {
                      "translateY": 0,
                    },
                    Object {
                      "rotate": "-165deg",
                    },
                  ],
                  "width": 48,
                }
              }
            >
              <View
                collapsable={false}
                style={
                  Object {
                    "height": 24,
                    "overflow": "hidden",
                    "width": 48,
                  }
                }
              >
                <View
                  style={
                    Object {
                      "borderColor": "#6200ee",
                      "borderRadius": 24,
                      "borderWidth": 4.8,
                      "height": 48,
                      "width": 48,
                    }
                  }
                />
              </View>
            </View>
          </View>
        </View>
      </View>
      <View
        style={
          Object {
            "alignItems": "center",
            "bottom": 0,
            "justifyContent": "center",
            "left": 0,
            "position": "absolute",
            "right": 0,
            "top": 0,
          }
        }
      >
        <View
          style={
            Object {
              "height": 48,
              "transform": Array [
                Object {
                  "rotate": "45deg",
                },
              ],
              "width": 48,
            }
          }
        >
          <View
            collapsable={false}
            style={
              Object {
                "height": 24,
                "overflow": "hidden",
                "top": 24,
                "width": 48,
              }
            }
          >
            <View
              style={
                Object {
                  "height": 48,
                  "transform": Array [
                    Object {
                      "translateY": -24,
                    },
                    Object {
                      "rotate": "345deg",
                    },
                  ],
                  "width": 48,
                }
              }
            >
              <View
                collapsable={false}
                style={
                  Object {
                    "height": 24,
                    "overflow": "hidden",
                    "width": 48,
                  }
                }
              >
                <View
                  style={
                    Object {
                      "borderColor": "#6200ee",
                      "borderRadius": 24,
                      "borderWidth": 4.8,
                      "height": 48,
                      "width": 48,
                    }
                  }
                />
              </View>
            </View>
          </View>
        </View>
      </View>
    </View>
  </View>
</View>
`;
